// Jest Snapshot v1, https://goo.gl/fbAQLP

exports[`mutability checks forbids redefining const 1`] = `"Symbol already defined: hi"`;

exports[`mutability checks forbids redefining def 1`] = `"Symbol already defined: hi"`;

exports[`mutability checks forbids updating const 1`] = `"Cannot change value of const: hi"`;
